     ____
    / _  |   Frida 17.18.0 - A world-class dynamic instrumentation toolkit
   | (_| |
    > _  |   Commands:
   /_/ |_|       help      -> Displays the help system
   . . . .       object?   -> Display information about 'object'
   . . . .       exit/quit -> Exit
   . . . .
   . . . .   Prefer a GUI? Luma is the official Frida app, with a live REPL,
   . . . .   persistent sessions & collaboration. https://luma.frida.re/
   . . . .
   . . . .   Connected to Android Emulator 5554 (id=emulator-5554)
Attaching...
[+] DL-Droid event collector started
[+] Found android.telephony.TelephonyManager->getDeviceId (2 overloads)
[+] Successfully hooked android.telephony.TelephonyManager->getDeviceId
[+] Found android.telephony.TelephonyManager->getSubscriberId (2 overloads)
[+] Successfully hooked android.telephony.TelephonyManager->getSubscriberId
[+] Found android.telephony.TelephonyManager->getLine1Number (2 overloads)
[+] Successfully hooked android.telephony.TelephonyManager->getLine1Number
[+] Found android.telephony.TelephonyManager->getSimSerialNumber (2 overloads)
[+] Successfully hooked android.telephony.TelephonyManager->getSimSerialNumber
[+] Found android.net.wifi.WifiManager->getConnectionInfo (1 overloads)
[+] Successfully hooked android.net.wifi.WifiManager->getConnectionInfo
[+] Found android.net.NetworkInfo->getState (1 overloads)
[+] Successfully hooked android.net.NetworkInfo->getState
[+] Found android.content.pm.PackageManager->checkPermission (1 overloads)
[+] Successfully hooked android.content.pm.PackageManager->checkPermission
[+] Found android.content.ContextWrapper->bindService (2 overloads)
[+] Successfully hooked android.content.ContextWrapper->bindService
[+] Found android.content.ContextWrapper->unbindService (1 overloads)
[+] Successfully hooked android.content.ContextWrapper->unbindService
[+] Found java.security.MessageDigest->getInstance (3 overloads)
[+] Successfully hooked java.security.MessageDigest->getInstance
[+] Found java.io.FileOutputStream->write (3 overloads)
[+] Successfully hooked java.io.FileOutputStream->write
[+] Found java.io.File->exists (1 overloads)
[+] Successfully hooked java.io.File->exists
[+] Found android.telephony.SmsManager->sendTextMessage (3 overloads)
[+] Successfully hooked android.telephony.SmsManager->sendTextMessage
[+] DL-Droid event collector initialization complete
[Android Emulator 5554::PID::7381 ]-> [+] Called java.security.MessageDigest->getInstance
[DL_EVENT] {"timestamp":1791491868651,"type":"api","class":"java.security.MessageDigest","method":"getInstance"}
[+] Called java.security.MessageDigest->getInstance
[DL_EVENT] {"timestamp":1791491868653,"type":"api","class":"java.security.MessageDigest","method":"getInstance"}
[+] Called java.security.MessageDigest->getInstance
[DL_EVENT] {"timestamp":1791491868653,"type":"api","class":"java.security.MessageDigest","method":"getInstance"}
[+] Called java.security.MessageDigest->getInstance
[DL_EVENT] {"timestamp":1791491868654,"type":"api","class":"java.security.MessageDigest","method":"getInstance"}
[+] Called java.security.MessageDigest->getInstance
[DL_EVENT] {"timestamp":1791491868654,"type":"api","class":"java.security.MessageDigest","method":"getInstance"}
[+] Called java.security.MessageDigest->getInstance
[DL_EVENT] {"timestamp":1791491868655,"type":"api","class":"java.security.MessageDigest","method":"getInstance"}
[+] Called java.security.MessageDigest->getInstance
[DL_EVENT] {"timestamp":1791491868656,"type":"api","class":"java.security.MessageDigest","method":"getInstance"}
[+] Called java.security.MessageDigest->getInstance
[DL_EVENT] {"timestamp":1791491868656,"type":"api","class":"java.security.MessageDigest","method":"getInstance"}
[+] Called java.security.MessageDigest->getInstance
[DL_EVENT] {"timestamp":1791491868658,"type":"api","class":"java.security.MessageDigest","method":"getInstance"}
[+] Called java.io.File->exists
[DL_EVENT] {"timestamp":1791491868659,"type":"api","class":"java.io.File","method":"exists"}
[+] Called java.security.MessageDigest->getInstance
[DL_EVENT] {"timestamp":1791491868660,"type":"api","class":"java.security.MessageDigest","method":"getInstance"}
[+] Called java.security.MessageDigest->getInstance
[DL_EVENT] {"timestamp":1791491868662,"type":"api","class":"java.security.MessageDigest","method":"getInstance"}
[+] Called java.io.File->exists
[DL_EVENT] {"timestamp":1791491868663,"type":"api","class":"java.io.File","method":"exists"}
[+] Called java.security.MessageDigest->getInstance
[DL_EVENT] {"timestamp":1791491868666,"type":"api","class":"java.security.MessageDigest","method":"getInstance"}
[+] Called java.security.MessageDigest->getInstance
[DL_EVENT] {"timestamp":1791491868668,"type":"api","class":"java.security.MessageDigest","method":"getInstance"}
[+] Called java.io.File->exists
[DL_EVENT] {"timestamp":1791491868669,"type":"api","class":"java.io.File","method":"exists"}
[+] Called java.io.File->exists
[DL_EVENT] {"timestamp":1791491868669,"type":"api","class":"java.io.File","method":"exists"}
[+] Called java.io.File->exists
[DL_EVENT] {"timestamp":1791491868678,"type":"api","class":"java.io.File","method":"exists"}
[+] Called java.security.MessageDigest->getInstance
[DL_EVENT] {"timestamp":1791491868680,"type":"api","class":"java.security.MessageDigest","method":"getInstance"}
[+] Called java.security.MessageDigest->getInstance
[DL_EVENT] {"timestamp":1791491868682,"type":"api","class":"java.security.MessageDigest","method":"getInstance"}
[+] Called java.security.MessageDigest->getInstance
[DL_EVENT] {"timestamp":1791491868682,"type":"api","class":"java.security.MessageDigest","method":"getInstance"}
[+] Called java.security.MessageDigest->getInstance
[DL_EVENT] {"timestamp":1791491868683,"type":"api","class":"java.security.MessageDigest","method":"getInstance"}
[+] Called java.io.File->exists
[DL_EVENT] {"timestamp":1791491868805,"type":"api","class":"java.io.File","method":"exists"}
[+] Called java.io.File->exists
[DL_EVENT] {"timestamp":1791491868809,"type":"api","class":"java.io.File","method":"exists"}
[+] Called java.io.File->exists
[DL_EVENT] {"timestamp":1791491868810,"type":"api","class":"java.io.File","method":"exists"}
[+] Called java.io.FileOutputStream->write
[DL_EVENT] {"timestamp":1791491868811,"type":"api","class":"java.io.FileOutputStream","method":"write"}
[+] Called java.io.File->exists
[DL_EVENT] {"timestamp":1791491868830,"type":"api","class":"java.io.File","method":"exists"}
[+] Called java.io.File->exists
[DL_EVENT] {"timestamp":1791491868848,"type":"api","class":"java.io.File","method":"exists"}
[+] Called java.io.File->exists
[DL_EVENT] {"timestamp":1791491868851,"type":"api","class":"java.io.File","method":"exists"}
[+] Called java.io.FileOutputStream->write
[DL_EVENT] {"timestamp":1791491868852,"type":"api","class":"java.io.FileOutputStream","method":"write"}
[+] Called java.io.FileOutputStream->write
[DL_EVENT] {"timestamp":1791491868852,"type":"api","class":"java.io.FileOutputStream","method":"write"}
[+] Called java.io.File->exists
[DL_EVENT] {"timestamp":1791491868853,"type":"api","class":"java.io.File","method":"exists"}
[+] Called java.io.File->exists
[DL_EVENT] {"timestamp":1791491868860,"type":"api","class":"java.io.File","method":"exists"}
[+] Called java.io.File->exists
[DL_EVENT] {"timestamp":1791491868871,"type":"api","class":"java.io.File","method":"exists"}
[+] Called java.io.File->exists
[DL_EVENT] {"timestamp":1791491868877,"type":"api","class":"java.io.File","method":"exists"}
[+] Called java.io.File->exists
[DL_EVENT] {"timestamp":1791491868879,"type":"api","class":"java.io.File","method":"exists"}
[+] Called java.io.File->exists
[DL_EVENT] {"timestamp":1791491868881,"type":"api","class":"java.io.File","method":"exists"}
[+] Called java.io.File->exists
[DL_EVENT] {"timestamp":1791491868882,"type":"api","class":"java.io.File","method":"exists"}
[+] Called java.io.File->exists
[DL_EVENT] {"timestamp":1791491868930,"type":"api","class":"java.io.File","method":"exists"}
[+] Called java.io.File->exists
[DL_EVENT] {"timestamp":1791491868932,"type":"api","class":"java.io.File","method":"exists"}
[+] Called java.io.FileOutputStream->write
[DL_EVENT] {"timestamp":1791491868934,"type":"api","class":"java.io.FileOutputStream","method":"write"}
[+] Called java.io.File->exists
[DL_EVENT] {"timestamp":1791491868939,"type":"api","class":"java.io.File","method":"exists"}
[+] Called java.io.File->exists
[DL_EVENT] {"timestamp":1791491868940,"type":"api","class":"java.io.File","method":"exists"}
[+] Called java.io.File->exists
[DL_EVENT] {"timestamp":1791491868940,"type":"api","class":"java.io.File","method":"exists"}
[+] Called java.io.File->exists
[DL_EVENT] {"timestamp":1791491868941,"type":"api","class":"java.io.File","method":"exists"}
[+] Called java.io.File->exists
[DL_EVENT] {"timestamp":1791491868941,"type":"api","class":"java.io.File","method":"exists"}
[+] Called java.io.File->exists
[DL_EVENT] {"timestamp":1791491868943,"type":"api","class":"java.io.File","method":"exists"}
[+] Called java.io.File->exists
[DL_EVENT] {"timestamp":1791491868943,"type":"api","class":"java.io.File","method":"exists"}
[+] Called java.io.File->exists
[DL_EVENT] {"timestamp":1791491868944,"type":"api","class":"java.io.File","method":"exists"}
[+] Called java.io.File->exists
[DL_EVENT] {"timestamp":1791491868944,"type":"api","class":"java.io.File","method":"exists"}
[+] Called java.io.File->exists
[DL_EVENT] {"timestamp":1791491868945,"type":"api","class":"java.io.File","method":"exists"}
[+] Called java.io.File->exists
[DL_EVENT] {"timestamp":1791491868946,"type":"api","class":"java.io.File","method":"exists"}
[+] Called java.io.File->exists
[DL_EVENT] {"timestamp":1791491868947,"type":"api","class":"java.io.File","method":"exists"}
[+] Called java.io.File->exists
[DL_EVENT] {"timestamp":1791491868949,"type":"api","class":"java.io.File","method":"exists"}
[+] Called java.io.File->exists
[DL_EVENT] {"timestamp":1791491869012,"type":"api","class":"java.io.File","method":"exists"}
[+] Called java.io.File->exists
[DL_EVENT] {"timestamp":1791491869020,"type":"api","class":"java.io.File","method":"exists"}
[+] Called java.io.File->exists
[DL_EVENT] {"timestamp":1791491869023,"type":"api","class":"java.io.File","method":"exists"}
[+] Called java.io.File->exists
[DL_EVENT] {"timestamp":1791491869025,"type":"api","class":"java.io.File","method":"exists"}
[+] Called java.io.File->exists
[DL_EVENT] {"timestamp":1791491869025,"type":"api","class":"java.io.File","method":"exists"}
[+] Called java.io.File->exists
[DL_EVENT] {"timestamp":1791491869026,"type":"api","class":"java.io.File","method":"exists"}
[+] Called java.io.File->exists
[DL_EVENT] {"timestamp":1791491869043,"type":"api","class":"java.io.File","method":"exists"}
[+] Called java.io.File->exists
[DL_EVENT] {"timestamp":1791491869090,"type":"api","class":"java.io.File","method":"exists"}
[+] Called java.io.File->exists
[DL_EVENT] {"timestamp":1791491869096,"type":"api","class":"java.io.File","method":"exists"}
[+] Called java.io.File->exists
[DL_EVENT] {"timestamp":1791491869097,"type":"api","class":"java.io.File","method":"exists"}
[+] Called java.io.File->exists
[DL_EVENT] {"timestamp":1791491869134,"type":"api","class":"java.io.File","method":"exists"}
[+] Called java.io.File->exists
[DL_EVENT] {"timestamp":1791491869135,"type":"api","class":"java.io.File","method":"exists"}
[+] Called java.io.File->exists
[DL_EVENT] {"timestamp":1791491869135,"type":"api","class":"java.io.File","method":"exists"}
[+] Called java.io.File->exists
[DL_EVENT] {"timestamp":1791491869142,"type":"api","class":"java.io.File","method":"exists"}
[+] Called java.io.FileOutputStream->write
[DL_EVENT] {"timestamp":1791491869143,"type":"api","class":"java.io.FileOutputStream","method":"write"}
[+] Called java.io.File->exists
[DL_EVENT] {"timestamp":1791491869158,"type":"api","class":"java.io.File","method":"exists"}
[+] Called java.io.File->exists
[DL_EVENT] {"timestamp":1791491869162,"type":"api","class":"java.io.File","method":"exists"}
[+] Called java.io.File->exists
[DL_EVENT] {"timestamp":1791491869701,"type":"api","class":"java.io.File","method":"exists"}
[+] Called android.content.ContextWrapper->unbindService
[DL_EVENT] {"timestamp":1791491870023,"type":"api","class":"android.content.ContextWrapper","method":"unbindService"}
[+] Called android.content.ContextWrapper->unbindService
[DL_EVENT] {"timestamp":1791491870023,"type":"api","class":"android.content.ContextWrapper","method":"unbindService"}
[+] Called java.io.File->exists
[DL_EVENT] {"timestamp":1791491870527,"type":"api","class":"java.io.File","method":"exists"}
[+] Called java.io.File->exists
[DL_EVENT] {"timestamp":1791491870626,"type":"api","class":"java.io.File","method":"exists"}
[+] Called java.io.File->exists
[DL_EVENT] {"timestamp":1791491870627,"type":"api","class":"java.io.File","method":"exists"}
[+] Called java.io.File->exists
[DL_EVENT] {"timestamp":1791491870628,"type":"api","class":"java.io.File","method":"exists"}
[+] Called java.security.MessageDigest->getInstance
[DL_EVENT] {"timestamp":1791491871940,"type":"api","class":"java.security.MessageDigest","method":"getInstance"}
[+] Called java.io.File->exists
[DL_EVENT] {"timestamp":1791491871941,"type":"api","class":"java.io.File","method":"exists"}
[+] Called java.security.MessageDigest->getInstance
[DL_EVENT] {"timestamp":1791491871941,"type":"api","class":"java.security.MessageDigest","method":"getInstance"}
[+] Called java.security.MessageDigest->getInstance
[DL_EVENT] {"timestamp":1791491871944,"type":"api","class":"java.security.MessageDigest","method":"getInstance"}
[+] Called java.io.File->exists
[DL_EVENT] {"timestamp":1791491871944,"type":"api","class":"java.io.File","method":"exists"}
[+] Called java.security.MessageDigest->getInstance
[DL_EVENT] {"timestamp":1791491871955,"type":"api","class":"java.security.MessageDigest","method":"getInstance"}
[+] Called java.security.MessageDigest->getInstance
[DL_EVENT] {"timestamp":1791491871958,"type":"api","class":"java.security.MessageDigest","method":"getInstance"}
[+] Called java.security.MessageDigest->getInstance
[DL_EVENT] {"timestamp":1791491871960,"type":"api","class":"java.security.MessageDigest","method":"getInstance"}
[+] Called java.security.MessageDigest->getInstance
[DL_EVENT] {"timestamp":1791491871961,"type":"api","class":"java.security.MessageDigest","method":"getInstance"}
[+] Called java.security.MessageDigest->getInstance
[DL_EVENT] {"timestamp":1791491871962,"type":"api","class":"java.security.MessageDigest","method":"getInstance"}
[+] Called java.security.MessageDigest->getInstance
[DL_EVENT] {"timestamp":1791491871981,"type":"api","class":"java.security.MessageDigest","method":"getInstance"}
[+] Called java.io.File->exists
[DL_EVENT] {"timestamp":1791491871982,"type":"api","class":"java.io.File","method":"exists"}
[+] Called java.io.File->exists
[DL_EVENT] {"timestamp":1791491871982,"type":"api","class":"java.io.File","method":"exists"}
[+] Called java.security.MessageDigest->getInstance
[DL_EVENT] {"timestamp":1791491872015,"type":"api","class":"java.security.MessageDigest","method":"getInstance"}
[+] Called java.io.File->exists
[DL_EVENT] {"timestamp":1791491872021,"type":"api","class":"java.io.File","method":"exists"}
[+] Called java.io.File->exists
[DL_EVENT] {"timestamp":1791491872367,"type":"api","class":"java.io.File","method":"exists"}
[+] Called java.io.File->exists
[DL_EVENT] {"timestamp":1791491872367,"type":"api","class":"java.io.File","method":"exists"}
[+] Called android.content.ContextWrapper->unbindService
[DL_EVENT] {"timestamp":1791491874263,"type":"api","class":"android.content.ContextWrapper","method":"unbindService"}
[+] Called java.io.File->exists
[DL_EVENT] {"timestamp":1791491875371,"type":"api","class":"java.io.File","method":"exists"}
[+] Called java.io.File->exists
[DL_EVENT] {"timestamp":1791491875371,"type":"api","class":"java.io.File","method":"exists"}
[+] Called java.security.MessageDigest->getInstance
[DL_EVENT] {"timestamp":1791491878013,"type":"api","class":"java.security.MessageDigest","method":"getInstance"}
[+] Called java.io.File->exists
[DL_EVENT] {"timestamp":1791491878015,"type":"api","class":"java.io.File","method":"exists"}
[+] Called java.io.File->exists
[DL_EVENT] {"timestamp":1791491878017,"type":"api","class":"java.io.File","method":"exists"}
[+] Called java.io.File->exists
[DL_EVENT] {"timestamp":1791491878018,"type":"api","class":"java.io.File","method":"exists"}
[+] Called java.io.File->exists
[DL_EVENT] {"timestamp":1791491878019,"type":"api","class":"java.io.File","method":"exists"}
[+] Called java.io.File->exists
[DL_EVENT] {"timestamp":1791491878032,"type":"api","class":"java.io.File","method":"exists"}
[+] Called java.io.File->exists
[DL_EVENT] {"timestamp":1791491878034,"type":"api","class":"java.io.File","method":"exists"}
[+] Called java.io.FileOutputStream->write
[DL_EVENT] {"timestamp":1791491878077,"type":"api","class":"java.io.FileOutputStream","method":"write"}
[+] Called java.io.File->exists
[DL_EVENT] {"timestamp":1791491878078,"type":"api","class":"java.io.File","method":"exists"}
[+] Called android.content.ContextWrapper->bindService
[DL_EVENT] {"timestamp":1791491878079,"type":"api","class":"android.content.ContextWrapper","method":"bindService"}
[+] Called java.io.File->exists
[DL_EVENT] {"timestamp":1791491878082,"type":"api","class":"java.io.File","method":"exists"}
[+] Called java.io.File->exists
[DL_EVENT] {"timestamp":1791491878084,"type":"api","class":"java.io.File","method":"exists"}
[+] Called java.io.File->exists
[DL_EVENT] {"timestamp":1791491878087,"type":"api","class":"java.io.File","method":"exists"}
[+] Called java.io.File->exists
[DL_EVENT] {"timestamp":1791491878088,"type":"api","class":"java.io.File","method":"exists"}
[+] Called java.io.File->exists
[DL_EVENT] {"timestamp":1791491878093,"type":"api","class":"java.io.File","method":"exists"}
[+] Called java.security.MessageDigest->getInstance
[DL_EVENT] {"timestamp":1791491878185,"type":"api","class":"java.security.MessageDigest","method":"getInstance"}
[+] Called java.io.File->exists
[DL_EVENT] {"timestamp":1791491878206,"type":"api","class":"java.io.File","method":"exists"}
[+] Called java.io.File->exists
[DL_EVENT] {"timestamp":1791491878212,"type":"api","class":"java.io.File","method":"exists"}
[+] Called java.io.File->exists
[DL_EVENT] {"timestamp":1791491878212,"type":"api","class":"java.io.File","method":"exists"}
[+] Called java.io.File->exists
[DL_EVENT] {"timestamp":1791491878212,"type":"api","class":"java.io.File","method":"exists"}
[+] Called java.io.File->exists
[DL_EVENT] {"timestamp":1791491878214,"type":"api","class":"java.io.File","method":"exists"}
[+] Called java.io.File->exists
[DL_EVENT] {"timestamp":1791491878215,"type":"api","class":"java.io.File","method":"exists"}
[+] Called java.io.File->exists
[DL_EVENT] {"timestamp":1791491878216,"type":"api","class":"java.io.File","method":"exists"}
[+] Called java.io.File->exists
[DL_EVENT] {"timestamp":1791491878217,"type":"api","class":"java.io.File","method":"exists"}
[+] Called java.io.File->exists
[DL_EVENT] {"timestamp":1791491878225,"type":"api","class":"java.io.File","method":"exists"}
[+] Called java.security.MessageDigest->getInstance
[DL_EVENT] {"timestamp":1791491878237,"type":"api","class":"java.security.MessageDigest","method":"getInstance"}
[+] Called java.io.File->exists
[DL_EVENT] {"timestamp":1791491878296,"type":"api","class":"java.io.File","method":"exists"}
[+] Called java.io.File->exists
[DL_EVENT] {"timestamp":1791491878345,"type":"api","class":"java.io.File","method":"exists"}
[+] Called java.io.File->exists
[DL_EVENT] {"timestamp":1791491878346,"type":"api","class":"java.io.File","method":"exists"}
[+] Called java.io.File->exists
[DL_EVENT] {"timestamp":1791491878518,"type":"api","class":"java.io.File","method":"exists"}
[+] Called java.io.File->exists
[DL_EVENT] {"timestamp":1791491878518,"type":"api","class":"java.io.File","method":"exists"}
[+] Called java.io.FileOutputStream->write
[DL_EVENT] {"timestamp":1791491878520,"type":"api","class":"java.io.FileOutputStream","method":"write"}
[+] Called android.content.ContextWrapper->bindService
[DL_EVENT] {"timestamp":1791491878537,"type":"api","class":"android.content.ContextWrapper","method":"bindService"}
[+] Called android.content.ContextWrapper->unbindService
[DL_EVENT] {"timestamp":1791491878553,"type":"api","class":"android.content.ContextWrapper","method":"unbindService"}
[+] Called java.io.File->exists
[DL_EVENT] {"timestamp":1791491878573,"type":"api","class":"java.io.File","method":"exists"}
[+] Called java.io.File->exists
[DL_EVENT] {"timestamp":1791491878580,"type":"api","class":"java.io.File","method":"exists"}
[+] Called java.io.File->exists
[DL_EVENT] {"timestamp":1791491878581,"type":"api","class":"java.io.File","method":"exists"}
[+] Called android.content.ContextWrapper->unbindService
[DL_EVENT] {"timestamp":1791491879263,"type":"api","class":"android.content.ContextWrapper","method":"unbindService"}

[Android Emulator 5554::PID::7381 ]-> [+] Called java.security.MessageDigest->getInstance
[DL_EVENT] {"timestamp":1791491879739,"type":"api","class":"java.security.MessageDigest","method":"getInstance"}
[+] Called java.io.File->exists
[DL_EVENT] {"timestamp":1791491879740,"type":"api","class":"java.io.File","method":"exists"}
[+] Called java.security.MessageDigest->getInstance
[DL_EVENT] {"timestamp":1791491879741,"type":"api","class":"java.security.MessageDigest","method":"getInstance"}
[+] Called java.security.MessageDigest->getInstance
[DL_EVENT] {"timestamp":1791491879749,"type":"api","class":"java.security.MessageDigest","method":"getInstance"}
[+] Called java.io.File->exists
[DL_EVENT] {"timestamp":1791491879750,"type":"api","class":"java.io.File","method":"exists"}
[+] Called java.security.MessageDigest->getInstance
[DL_EVENT] {"timestamp":1791491879752,"type":"api","class":"java.security.MessageDigest","method":"getInstance"}
[+] Called java.security.MessageDigest->getInstance
[DL_EVENT] {"timestamp":1791491879757,"type":"api","class":"java.security.MessageDigest","method":"getInstance"}
[+] Called java.security.MessageDigest->getInstance
[DL_EVENT] {"timestamp":1791491879762,"type":"api","class":"java.security.MessageDigest","method":"getInstance"}
[+] Called java.security.MessageDigest->getInstance
[DL_EVENT] {"timestamp":1791491879763,"type":"api","class":"java.security.MessageDigest","method":"getInstance"}
[+] Called java.security.MessageDigest->getInstance
[DL_EVENT] {"timestamp":1791491879763,"type":"api","class":"java.security.MessageDigest","method":"getInstance"}
[+] Called java.io.File->exists
[DL_EVENT] {"timestamp":1791491880724,"type":"api","class":"java.io.File","method":"exists"}
[+] Called java.io.File->exists
[DL_EVENT] {"timestamp":1791491880799,"type":"api","class":"java.io.File","method":"exists"}
[+] Called java.io.File->exists
[DL_EVENT] {"timestamp":1791491880806,"type":"api","class":"java.io.File","method":"exists"}
[+] Called android.content.ContextWrapper->bindService
[DL_EVENT] {"timestamp":1791491880821,"type":"api","class":"android.content.ContextWrapper","method":"bindService"}
[+] Called java.io.File->exists
[DL_EVENT] {"timestamp":1791491880840,"type":"api","class":"java.io.File","method":"exists"}
[+] Called java.io.File->exists
[DL_EVENT] {"timestamp":1791491880841,"type":"api","class":"java.io.File","method":"exists"}
[+] Called java.io.File->exists
[DL_EVENT] {"timestamp":1791491880841,"type":"api","class":"java.io.File","method":"exists"}
[+] Called java.io.File->exists
[DL_EVENT] {"timestamp":1791491881616,"type":"api","class":"java.io.File","method":"exists"}
[+] Called java.io.File->exists
[DL_EVENT] {"timestamp":1791491881616,"type":"api","class":"java.io.File","method":"exists"}
[+] Called android.content.ContextWrapper->unbindService
[DL_EVENT] {"timestamp":1791491883247,"type":"api","class":"android.content.ContextWrapper","method":"unbindService"}
[+] Called android.content.ContextWrapper->unbindService
[DL_EVENT] {"timestamp":1791491883421,"type":"api","class":"android.content.ContextWrapper","method":"unbindService"}
[+] Called android.content.ContextWrapper->unbindService
[DL_EVENT] {"timestamp":1791491883421,"type":"api","class":"android.content.ContextWrapper","method":"unbindService"}
[+] Called android.content.ContextWrapper->unbindService
[DL_EVENT] {"timestamp":1791491883424,"type":"api","class":"android.content.ContextWrapper","method":"unbindService"}
[+] Called android.content.ContextWrapper->unbindService
[DL_EVENT] {"timestamp":1791491883424,"type":"api","class":"android.content.ContextWrapper","method":"unbindService"}
